============================= test session starts =============================
platform win32 -- Python 3.13.3, pytest-9.0.1, pluggy-1.6.0
PyQt6 6.9.0 -- Qt runtime 6.9.0 -- Qt compiled 6.9.0
rootdir: C:\Users\pedro.freitas\AuditPlusv2.0
configfile: pyproject.toml
plugins: qt-4.5.0
collected 4 items

tests\test_hash_calculator.py .
RAW BYTES: b'<GuiaCobrancaUtilizacao>\n            <Dados>Teste123</Dados>\n            <hash>IGNORE_ME</hash>\n        </GuiaCobrancaUtilizacao>\n    '
CALCULATED: 06afa6c8b54d3cc80d269379d8b6a078
F..

================================== FAILURES ===================================
__________________________ test_hash_calculo_sucesso __________________________

    def test_hash_calculo_sucesso():
        """Testa o cßlculo de hash em um XML vßlido."""
        xml_content = """
        <ans:mensagemTISS xmlns:ans="http://www.ans.gov.br/padroes/tiss/schemas">
            <ans:cabecalho>
                <ans:identificacaoTransacao>
                    <ans:hash>HASH_ANTIGO_QUE_DEVE_SER_IGNORADO</ans:hash>
                </ans:identificacaoTransacao>
            </ans:cabecalho>
            <ans:prestadorParaOperadora>
                <ans:loteGuias>
                    <ans:guiasTISS>
                        <ans:guiaResumoInternacao>
                            <ans:dadosGeraisGuia>
                                <ans:numeroGuiaPrestador>12345</ans:numeroGuiaPrestador>
                            </ans:dadosGeraisGuia>
                        </ans:guiaResumoInternacao>
                    </ans:guiasTISS>
                </ans:loteGuias>
            </ans:prestadorParaOperadora>
            <ans:epilogo>
                <ans:hash>HASH_DO_EPILOGO</ans:hash>
            </ans:epilogo>
        </ans:mensagemTISS>
        """
        # Nota: O c¾digo busca por "GuiaCobrancaUtilizacao".
        # O XML acima nÒo tem essa tag, entÒo deve falhar se o c¾digo for estrito,
        # ou precisamos simular a estrutura exata que o c¾digo espera.
        # O c¾digo usa: xpath("//*[local-name()='GuiaCobrancaUtilizacao']")
    
        xml_com_guia = """
        <root>
            <GuiaCobrancaUtilizacao>
                <Dados>Teste123</Dados>
                <hash>IGNORE_ME</hash>
            </GuiaCobrancaUtilizacao>
        </root>
        """
        root = etree.fromstring(xml_com_guia)
    
        # O conte·do puro serß "Teste123"
        # MD5("Teste123") = 4607e782c4d86fd166f0b4d506925f38
    
        expected_hash = "4607e782c4d86fd166f0b4d506925f38"
    
        # DEBUG
        guia_node = root.find("GuiaCobrancaUtilizacao")
        if guia_node is not None:
            raw_bytes = etree.tostring(guia_node)
            print(f"\nRAW BYTES: {raw_bytes}")
    
        calculated_hash = hash_calculator.calcular_hash_bloco_guia_cobranca(root)
        print(f"CALCULATED: {calculated_hash}")
    
>       assert calculated_hash == expected_hash
E       AssertionError: assert '06afa6c8b54d...69379d8b6a078' == '4607e782c4d8...0b4d506925f38'
E         
E         - 4607e782c4d86fd166f0b4d506925f38
E         + 06afa6c8b54d3cc80d269379d8b6a078

tests\test_hash_calculator.py:66: AssertionError
=========================== short test summary info ===========================
FAILED tests/test_hash_calculator.py::test_hash_calculo_sucesso - AssertionEr...
========================= 1 failed, 3 passed in 0.41s =========================
